  grouping yang-lib-implementation-leafs {
    leaf-list feature {
      type yang:yang-identifier;
      description
        "List of YANG feature names from this module that are
         supported by the server, regardless of whether they are
         defined in the module or any included submodule.";
    }
    list deviation {
      key "name revision";
      description
        "List of YANG deviation module names and revisions
         used by this server to modify the conformance of
         the module associated with this entry.  Note that
         the same module can be used for deviations for
         multiple modules, so the same entry MAY appear
         within multiple 'module' entries.
         The deviation module MUST be present in the 'module'
         list, with the same name and revision values.
         The 'conformance-type' value will be 'implement' for
         the deviation module.";
      uses yang-lib-common-leafs;
    }
    leaf conformance-type {
      type enumeration {
        enum implement {
          description
            "Indicates that the server implements one or more
             protocol-accessible objects defined in the YANG module
             identified in this entry.  This includes deviation
             statements defined in the module.
             For YANG version 1.1 modules, there is at most one
             module entry with conformance type 'implement' for a
             particular module name, since YANG 1.1 requires that,
             at most, one revision of a module is implemented.
             For YANG version 1 modules, there SHOULD NOT be more
             than one module entry for a particular module name.";
        }
        enum import {
          description
            "Indicates that the server imports reusable definitions
             from the specified revision of the module but does
             not implement any protocol-accessible objects from
             this revision.
             Multiple module entries for the same module name MAY
             exist.  This can occur if multiple modules import the
             same module but specify different revision dates in
             the import statements.";
        }
      }
      // Removing the mandatory true for now as not all vendors may have
      // this information if they do not implement yang-library.
      //mandatory true;
      description
        "Indicates the type of conformance the server is claiming
         for the YANG module identified by this entry.";
    }
    description
      "This is a set of leafs extracted from the yang-library that are
       specific to server implementations.";
    reference "RFC7895 YANG Module Library : module-list grouping";
  }
