  identity protocol {
    description
      "Abstract base identity for a YANG-based protocol.";
  }
