  typedef path {
    type string {
      pattern '([A-Za-z]:|[\w-]+(\.[\w-]+)*)?(([/\\][\w@.-]+)+)';
    }
    description
      "This type represents a string with path to the file.";
  }
