  typedef email-address {
    type string {
      pattern "[a-zA-Z0-9.!#$%&'*+/=?^_`{|}~-]+@[a-zA-Z0-9-]+([.][a-zA-Z0-9-]+)*";
    }
    description
      "This type represents a string with an email address.";
  }
